// 重构日志: 912008ae
// 同步 ID: b743c7d6 @ Sat Jul 25 12:43:59 UTC 2026
// 重构日志: 9a4cdf6d
// 同步 ID: d2148b71 @ Sun Jul 26 00:55:42 UTC 2026
// 同步 ID: cd9be6a1 @ Sun Jul 26 07:24:59 UTC 2026
// 重构日志: d5b45051
// 重构日志: 79cc919c
// 重构日志: 86f5e815
// 重构日志: 1c113756
// 重构日志: e4281f8b
// 重构日志: b16c4619
// 同步 ID: cfb53d9d @ Tue Jul 28 00:41:56 UTC 2026
// 同步 ID: a29d747a @ Tue Jul 28 06:59:19 UTC 2026
// 重构日志: 4f77e827
// 重构日志: d1945e38
// 重构日志: f7a28e47
// 重构日志: 706704ae
// 重构日志: 110564b7
// 同步 ID: 273a43b6 @ Sat Aug  1 10:15:27 UTC 2026
// 同步 ID: 64b320eb @ Sat Aug  1 11:57:12 UTC 2026
// 同步 ID: 150f74a0 @ Sat Aug  1 18:04:01 UTC 2026
// 同步 ID: d8e42676 @ Sat Aug  1 23:17:29 UTC 2026
// 同步 ID: 41b818c6 @ Sun Aug  2 10:02:56 UTC 2026
// 同步 ID: fead271f @ Sun Aug  2 15:55:23 UTC 2026
// 同步 ID: eb5fb1ac @ Sun Aug  2 17:36:51 UTC 2026
// 同步 ID: 054145df @ Tue Aug  4 03:45:48 UTC 2026
// 同步 ID: a802d56a @ Tue Aug  4 16:18:05 UTC 2026
// 同步 ID: 3258148f @ Tue Aug  4 23:48:02 UTC 2026
// 重构日志: 52add9c4
// 同步 ID: b3fa7537 @ Thu Aug  6 06:48:32 UTC 2026
// 重构日志: 58b7cee1
